// Jest Snapshot v1, https://goo.gl/fbAQLP

exports[`EuiTableHeader is rendered 1`] = `
Array [
  <thead
    aria-label="aria-label"
    class="testClass1 testClass2"
    data-test-subj="test subject string"
  >
    <tr />
  </thead>,
  "children",
]
`;

exports[`EuiTableHeader is rendered without <tr> 1`] = `
<thead
  aria-label="aria-label"
  className="testClass1 testClass2"
  data-test-subj="test subject string"
>
  <Component />
</thead>
`;
